Java
JavaScript
HTML
Python
C#
PHP
C++
CSS
C
Ruby
Shell
Swift
Jupyter Notebook
TypeScript
R
Objective-C
Go
Matlab
Arduino
TeX
Scala
Lua
PowerShell
Kotlin
Perl
Makefile
Visual Basic
Vue
Vim script
Processing
